ASxxxx Linker V03.00 + NoICE + sdld,  page 1.
Hexadecimal  [32-Bits]

Area                                    Addr        Size        Decimal Bytes (Attributes)
--------------------------------        ----        ----        ------- ----- ------------
.  .ABS.                            00000000    00000000 =           0. bytes (ABS,CON)

      Value  Global                              Global Defined In Module
      -----  --------------------------------   ------------------------
     00000000  .__.ABS.                           
     00000000  _rRAMG                             
     00000000  l__BASE                         
     00000000  l__BSS                          
     00000000  l__CABS                         
     00000000  l__CODE_0                       
     00000000  l__CRASH_HEADER                 
     00000000  l__CRASH_SCRATCH                
     00000000  l__DABS                         
     00000000  l__EHL_TRAMPOLINE               
     00000000  l__HEADER                       
     00000000  l__HEADER_LCD                   
     00000000  l__HEADER_SIO                   
     00000000  l__HEADER_TIMER                 
     00000000  l__HEAP                         
     00000000  l__HRAM                         
     00000000  l__LIT                          
     00000000  s__CABS                         
     00000000  s__CRASH_HEADER                 
     00000000  s__CRASH_HEADER0                
     00000000  s__CRASH_HEADER1                
     00000000  s__CRASH_SCRATCH                
     00000000  s__CRASH_SCRATCH2               
     00000000  s__DABS                         
     00000000  s__EHL_TRAMPOLINE               
     00000000  s__EHL_TRAMPOLINE0              
     00000000  s__HEADER                       
     00000000  s__HEADER0                      
     00000000  s__HEADER1                      
     00000000  s__HEADER10                     
     00000000  s__HEADER11                     
     00000000  s__HEADER2                      
     00000000  s__HEADER3                      
     00000000  s__HEADER4                      
     00000000  s__HEADER5                      
     00000000  s__HEADER6                      
     00000000  s__HEADER7                      
     00000000  s__HEADER8                      
     00000000  s__HEADER9                      
     00000000  s__HEADER_LCD                   
     00000000  s__HEADER_LCD0                  
     00000000  s__HEADER_SIO                   
     00000000  s__HEADER_SIO0                  
     00000000  s__HEADER_TIMER                 
     00000000  s__HEADER_TIMER0                
     00000000  s__HEADERa                      
     00000000  s__HEADERb                      
     00000000  s__HEADERc                      
     00000000  s__HEADERd                      
     00000000  s__HEADERe                      
ASxxxx Linker V03.00 + NoICE + sdld,  page 2.
Hexadecimal  [32-Bits]

Area                                    Addr        Size        Decimal Bytes (Attributes)
--------------------------------        ----        ----        ------- ----- ------------
.  .ABS.                            00000000    00000000 =           0. bytes (ABS,CON)

      Value  Global                              Global Defined In Module
      -----  --------------------------------   ------------------------
     00000000  s__HEADERf                      
     00000000  s__HRAM                         
     00000000  s__HRAM12                       
     00000001  ___bank_ACTOR                      actor
     00000001  ___bank_VM_ACTOR                   vm_actor
     00000001  ___bank_VM_SGB                     vm_sgb
     00000001  ___bank_sprite_actor_animated_ti   sprite_actor_animated_tilese
     00000001  b_activate_actor                   actor
     00000001  b_activate_actors_in_col           actor
     00000001  b_activate_actors_in_row           actor
     00000001  b_actor_at_tile                    actor
     00000001  b_actor_get_frame_offset           actor
     00000001  b_actor_in_front_of_player         actor
     00000001  b_actor_overlapping_bb             actor
     00000001  b_actor_overlapping_player         actor
     00000001  b_actor_set_anim_idle              actor
     00000001  b_actor_set_anim_moving            actor
     00000001  b_actor_set_dir                    actor
     00000001  b_actor_set_frame_offset           actor
     00000001  b_actor_set_frames                 actor
     00000001  b_actors_handle_player_collision   actor
     00000001  b_actors_init                      actor
     00000001  b_check_collision_in_direction     actor
     00000001  b_deactivate_actor                 actor
     00000001  b_player_init                      actor
     00000001  b_ui_draw_frame                    ui
     00000001  b_ui_draw_text_buffer_char         ui
     00000001  b_ui_init                          ui
     00000001  b_ui_load_tiles                    ui
     00000001  b_ui_run_menu                      ui
     00000001  b_ui_run_modal                     ui
     00000001  b_ui_set_start_tile                ui
     00000001  b_vm_actor_activate                vm_actor
     00000001  b_vm_actor_deactivate              vm_actor
     00000001  b_vm_actor_emote                   vm_actor
     00000001  b_vm_actor_get_angle               vm_actor
     00000001  b_vm_actor_get_anim_frame          vm_actor
     00000001  b_vm_actor_get_dir                 vm_actor
     00000001  b_vm_actor_get_pos                 vm_actor
     00000001  b_vm_actor_move_cancel             vm_actor
     00000001  b_vm_actor_move_to                 vm_actor
     00000001  b_vm_actor_replace_tile            vm_actor
     00000001  b_vm_actor_set_anim                vm_actor
     00000001  b_vm_actor_set_anim_frame          vm_actor
     00000001  b_vm_actor_set_anim_set            vm_actor
     00000001  b_vm_actor_set_anim_tick           vm_actor
     00000001  b_vm_actor_set_bounds              vm_actor
     00000001  b_vm_actor_set_dir                 vm_actor
     00000001  b_vm_actor_set_flags               vm_actor
     00000001  b_vm_actor_set_move_speed          vm_actor
     00000001  b_vm_actor_set_pos                 vm_actor
ASxxxx Linker V03.00 + NoICE + sdld,  page 3.
Hexadecimal  [32-Bits]

Area                                    Addr        Size        Decimal Bytes (Attributes)
--------------------------------        ----        ----        ------- ----- ------------
.  .ABS.                            00000000    00000000 =           0. bytes (ABS,CON)

      Value  Global                              Global Defined In Module
      -----  --------------------------------   ------------------------
     00000001  b_vm_actor_set_spritesheet         vm_actor
     00000001  b_vm_actor_set_spritesheet_by_re   vm_actor
     00000001  b_vm_actor_terminate_update        vm_actor
     00000001  l__GSFINAL                      
     00000001  l__HEADER0                      
     00000001  l__HEADER11                     
     00000001  l__HEADER9                      
     00000001  l__HEADERa                      
     00000001  l__HEADERb                      
     00000001  l__HEADERd                      
     00000001  l__HEADERe                      
     00000002  ___bank_VM_MAIN                    vm
     00000002  ___bank_VM_RTC                     vm_rtc
     00000002  ___bank_bg_title_tileset           bg_title_tileset
     00000002  ___bank_font_ascii                 font_ascii
     00000002  ___bank_scene_0_sprites            scene_0_sprites
     00000002  ___bank_script_input_104           script_input_104
     00000002  b_platform_init                    platform
     00000002  b_platform_update                  platform
     00000002  b_script_detach_hthread            vm
     00000002  b_script_execute                   vm
     00000002  b_script_runner_init               vm
     00000002  b_script_terminate                 vm
     00000002  b_vm_call                          vm
     00000002  b_vm_call_far                      vm
     00000002  b_vm_get_indirect                  vm
     00000002  b_vm_get_int16                     vm
     00000002  b_vm_get_int8                      vm
     00000002  b_vm_get_tlocal                    vm
     00000002  b_vm_get_uint8                     vm
     00000002  b_vm_idle                          vm
     00000002  b_vm_if                            vm
     00000002  b_vm_if_const                      vm
     00000002  b_vm_init_rng                      vm
     00000002  b_vm_invoke                        vm
     00000002  b_vm_join                          vm
     00000002  b_vm_jump                          vm
     00000002  b_vm_lock                          vm
     00000002  b_vm_loop                          vm
     00000002  b_vm_memcpy                        vm
     00000002  b_vm_memset                        vm
     00000002  b_vm_poll_loaded                   vm
     00000002  b_vm_pop                           vm
     00000002  b_vm_push                          vm
     00000002  b_vm_push_reference                vm
     00000002  b_vm_push_value                    vm
     00000002  b_vm_push_value_ind                vm
     00000002  b_vm_raise                         vm
     00000002  b_vm_rand                          vm
     00000002  b_vm_reserve                       vm
     00000002  b_vm_ret                           vm
ASxxxx Linker V03.00 + NoICE + sdld,  page 4.
Hexadecimal  [32-Bits]

Area                                    Addr        Size        Decimal Bytes (Attributes)
--------------------------------        ----        ----        ------- ----- ------------
.  .ABS.                            00000000    00000000 =           0. bytes (ABS,CON)

      Value  Global                              Global Defined In Module
      -----  --------------------------------   ------------------------
     00000002  b_vm_ret_far                       vm
     00000002  b_vm_rtc_get                       vm_rtc
     00000002  b_vm_rtc_latch                     vm_rtc
     00000002  b_vm_rtc_set                       vm_rtc
     00000002  b_vm_rtc_start                     vm_rtc
     00000002  b_vm_set                           vm
     00000002  b_vm_set_const                     vm
     00000002  b_vm_set_const_int16               vm
     00000002  b_vm_set_const_int8                vm
     00000002  b_vm_set_indirect                  vm
     00000002  b_vm_set_int16                     vm
     00000002  b_vm_set_int8                      vm
     00000002  b_vm_set_uint8                     vm
     00000002  b_vm_terminate                     vm
     00000002  b_vm_test_terminate                vm
     00000002  b_vm_unlock                        vm
     00000002  b_wait_frames                      vm
     00000002  l__HEADER5                      
     00000002  l__HEADERc                      
     00000002  l__HEADERf                      
     00000003  ___bank_actor_58_interact          actor_58_interact
     00000003  ___bank_bg_help_tileset            bg_help_tileset
     00000003  ___bank_font_gbs_variable_width    font_gbs_variable_width
     00000003  ___bank_scene_10_sprites           scene_10_sprites
     00000003  ___bank_song_free_ost_1_characte   song_free_ost_1_character_s_
     00000003  ___bank_song_glitch_Data           song_glitch_Data
     00000003  b_do_load_palette                  data_manager
     00000003  b_load_background                  data_manager
     00000003  b_load_bkg_tileset                 data_manager
     00000003  b_load_bounds                      data_manager
     00000003  b_load_emote                       data_manager
     00000003  b_load_init                        data_manager
     00000003  b_load_player                      data_manager
     00000003  b_load_scene                       data_manager
     00000003  b_load_sprite                      data_manager
     00000003  l__HEADER8                      
     00000003  l__HEADER_LCD0                  
     00000003  l__HRAM12                       
     00000004  ___bank_VM_UI                      vm_ui
     00000004  ___bank_actor_65_update            actor_65_update
     00000004  ___bank_bg_level_tilemap           bg_level_tilemap
     00000004  ___bank_bg_level_tilemap_attr      bg_level_tilemap_attr
     00000004  ___bank_bg_level_tileset           bg_level_tileset
     00000004  ___bank_scene_18_collisions        scene_18_collisions
     00000004  ___bank_scene_1_sprites            scene_1_sprites
     00000004  ___bank_script_input_105           script_input_105
     00000004  b_adventure_init                   adventure
     00000004  b_adventure_update                 adventure
     00000004  b_scroll_init                      scroll
     00000004  b_scroll_repaint                   scroll
     00000004  b_scroll_reset                     scroll
ASxxxx Linker V03.00 + NoICE + sdld,  page 5.
Hexadecimal  [32-Bits]

Area                                    Addr        Size        Decimal Bytes (Attributes)
--------------------------------        ----        ----        ------- ----- ------------
.  .ABS.                            00000000    00000000 =           0. bytes (ABS,CON)

      Value  Global                              Global Defined In Module
      -----  --------------------------------   ------------------------
     00000004  b_scroll_update                    scroll
     00000004  b_shmup_init                       shmup
     00000004  b_shmup_update                     shmup
     00000004  b_vm_choice                        vm_ui
     00000004  b_vm_display_text                  vm_ui
     00000004  b_vm_overlay_clear                 vm_ui
     00000004  b_vm_overlay_move_to               vm_ui
     00000004  b_vm_overlay_scroll                vm_ui
     00000004  b_vm_overlay_set_map               vm_ui
     00000004  b_vm_overlay_set_scroll            vm_ui
     00000004  b_vm_overlay_set_submap            vm_ui
     00000004  b_vm_overlay_set_submap_ex         vm_ui
     00000004  b_vm_overlay_setpos                vm_ui
     00000004  b_vm_overlay_show                  vm_ui
     00000004  b_vm_overlay_wait                  vm_ui
     00000004  b_vm_set_font                      vm_ui
     00000004  b_vm_set_text_sound                vm_ui
     00000004  b_vm_switch_text_layer             vm_ui
     00000004  l__CRASH_HEADER1                
     00000004  l__HEADER_SIO0                  
     00000004  l__HEADER_TIMER0                
     00000005  ___bank_VM_GAMEBOY                 vm_gameboy
     00000005  ___bank_bg_level1_3_1_png_tilese   bg_level1_3_1_png_tileset
     00000005  ___bank_bg_level4__tileset         bg_level4__tileset
     00000005  ___bank_bg_pre_title_tileset       bg_pre_title_tileset
     00000005  ___bank_bg_tl3_copy_0_tileset      bg_tl3_copy_0_tileset
     00000005  ___bank_bg_tl3_copy_2__tileset     bg_tl3_copy_2__tileset
     00000005  ___bank_bg_tl4_copy_tileset        bg_tl4_copy_tileset
     00000005  ___bank_bg_tl5_copy_tileset        bg_tl5_copy_tileset
     00000005  ___bank_script_engine_init         
     00000005  ___bank_script_input_114           script_input_114
     00000005  ___bank_script_input_115           script_input_115
     00000005  b_projectile_launch                projectiles
     00000005  b_projectiles_init                 projectiles
     00000005  b_topdown_init                     topdown
     00000005  b_topdown_update                   topdown
     00000005  b_vm_context_prepare               vm_gameboy
     00000005  b_vm_fade                          vm_gameboy
     00000005  b_vm_get_tile_xy                   vm_gameboy
     00000005  b_vm_input_attach                  vm_gameboy
     00000005  b_vm_input_detach                  vm_gameboy
     00000005  b_vm_input_get                     vm_gameboy
     00000005  b_vm_input_wait                    vm_gameboy
     00000005  b_vm_load_tiles                    vm_gameboy
     00000005  b_vm_load_tileset                  vm_gameboy
     00000005  b_vm_poll                          vm_gameboy
     00000005  b_vm_replace_tile                  vm_gameboy
     00000005  b_vm_replace_tile_xy               vm_gameboy
     00000005  b_vm_rumble                        vm_gameboy
     00000005  b_vm_set_sprite_mode               vm_gameboy
     00000005  b_vm_set_sprites_visible           vm_gameboy
ASxxxx Linker V03.00 + NoICE + sdld,  page 6.
Hexadecimal  [32-Bits]

Area                                    Addr        Size        Decimal Bytes (Attributes)
--------------------------------        ----        ----        ------- ----- ------------
.  .ABS.                            00000000    00000000 =           0. bytes (ABS,CON)

      Value  Global                              Global Defined In Module
      -----  --------------------------------   ------------------------
     00000005  b_vm_timer_prepare                 vm_gameboy
     00000005  b_vm_timer_reset                   vm_gameboy
     00000005  b_vm_timer_set                     vm_gameboy
     00000005  b_vm_timer_stop                    vm_gameboy
     00000005  l__CRASH_HEADER0                
     00000005  l__HEADER1                      
     00000006  ___bank_VM_SIO                     vm_sio
     00000006  ___bank_actor_0_update             actor_0_update
     00000006  ___bank_actor_29_update            actor_29_update
     00000006  ___bank_bg_level1_2_png_tileset    bg_level1_2_png_tileset
     00000006  ___bank_bg_level1_copy_0_tileset   bg_level1_copy_0_tileset
     00000006  ___bank_bg_level1_tileset          bg_level1_tileset
     00000006  ___bank_bg_level4_copy_tileset     bg_level4_copy_tileset
     00000006  ___bank_bg_level4_tileset          bg_level4_tileset
     00000006  ___bank_bg_tl3_copy_tileset        bg_tl3_copy_tileset
     00000006  ___bank_scene_3_init               scene_3_init
     00000006  b___HandleCrash_banked             
     00000006  b_core_reset                       core
     00000006  b_core_run                         core
     00000006  b_data_clear                       load_save
     00000006  b_data_init                        load_save
     00000006  b_data_load                        load_save
     00000006  b_data_peek                        load_save
     00000006  b_data_save                        load_save
     00000006  b_gbprinter_detect                 gbprinter
     00000006  b_gbprinter_print_overlay          gbprinter
     00000006  b_pointnclick_init                 pointnclick
     00000006  b_pointnclick_update               pointnclick
     00000006  b_set_sgb_border                   sgb_border
     00000006  b_trigger_activate_at              trigger
     00000006  b_trigger_activate_at_intersecti   trigger
     00000006  b_trigger_at_intersection          trigger
     00000006  b_trigger_at_tile                  trigger
     00000006  b_trigger_interact                 trigger
     00000006  b_trigger_reset                    trigger
     00000006  b_vm_sio_exchange                  vm_sio
     00000006  b_vm_sio_set_mode                  vm_sio
     00000006  l__HEADER7                      
     00000007  ___bank_actor_12_update            actor_12_update
     00000007  ___bank_actor_28_update            actor_28_update
     00000007  ___bank_actor_35_update            actor_35_update
     00000007  ___bank_actor_37_update            actor_37_update
     00000007  ___bank_actor_38_update            actor_38_update
     00000007  ___bank_actor_39_update            actor_39_update
     00000007  ___bank_actor_40_update            actor_40_update
     00000007  ___bank_actor_5_update             actor_5_update
     00000007  ___bank_actor_60_update            actor_60_update
     00000007  ___bank_actor_64_update            actor_64_update
     00000007  ___bank_bg_help_copy               bg_help_copy
     00000007  ___bank_bg_help_copy_tilemap_att   bg_help_copy_tilemap_attr
     00000007  ___bank_bg_help_copy_tileset       bg_help_copy_tileset
ASxxxx Linker V03.00 + NoICE + sdld,  page 7.
Hexadecimal  [32-Bits]

Area                                    Addr        Size        Decimal Bytes (Attributes)
--------------------------------        ----        ----        ------- ----- ------------
.  .ABS.                            00000000    00000000 =           0. bytes (ABS,CON)

      Value  Global                              Global Defined In Module
      -----  --------------------------------   ------------------------
     00000007  ___bank_bg_title_tilemap           bg_title_tilemap
     00000007  ___bank_bg_title_tilemap_attr      bg_title_tilemap_attr
     00000007  ___bank_scene_1_collisions         scene_1_collisions
     00000007  ___bank_script_input_119           script_input_119
     00000007  ___bank_script_input_121           script_input_121
     00000007  ___bank_script_input_130           script_input_130
     00000007  ___bank_script_input_65            script_input_65
     00000007  ___bank_script_input_67            script_input_67
     00000007  ___bank_script_input_69            script_input_69
     00000007  b_fade_applypalettechange          fade_manager
     00000007  b_fade_in                          fade_manager
     00000007  b_fade_in_modal                    fade_manager
     00000007  b_fade_init                        fade_manager
     00000007  b_fade_out                         fade_manager
     00000007  b_fade_out_modal                   fade_manager
     00000007  b_fade_setspeed                    fade_manager
     00000007  b_fade_update                      fade_manager
     00000007  l__HEADER2                      
     00000008  ___bank_script_input_100           script_input_100
     00000008  ___bank_script_input_101           script_input_101
     00000008  ___bank_script_input_107           script_input_107
     00000008  ___bank_script_input_11            script_input_11
     00000008  ___bank_script_input_110           script_input_110
     00000008  ___bank_script_input_118           script_input_118
     00000008  ___bank_script_input_129           script_input_129
     00000008  ___bank_script_input_132           script_input_132
     00000008  ___bank_script_input_144           script_input_144
     00000008  ___bank_script_input_145           script_input_145
     00000008  ___bank_script_input_147           script_input_147
     00000008  ___bank_script_input_20            script_input_20
     00000008  ___bank_script_input_21            script_input_21
     00000008  ___bank_script_input_23            script_input_23
     00000008  ___bank_script_input_33            script_input_33
     00000008  ___bank_script_input_34            script_input_34
     00000008  ___bank_script_input_36            script_input_36
     00000008  ___bank_script_input_53            script_input_53
     00000008  ___bank_script_input_56            script_input_56
     00000008  ___bank_script_input_76            script_input_76
     00000008  ___bank_script_input_79            script_input_79
     00000008  ___bank_script_input_8             script_input_8
     00000008  ___bank_script_input_9             script_input_9
     00000008  ___bank_script_input_98            script_input_98
     00000008  ___bank_sprite_hearts_tileset      sprite_hearts_tileset
     00000008  l__HEADER3                      
     00000009  ___bank_VM_CAMERA                  vm_camera
     00000009  ___bank_actor_59_update            actor_59_update
     00000009  ___bank_bg_help_copy_tilemap       bg_help_copy_tilemap
     00000009  ___bank_bg_help_tilemap            bg_help_tilemap
     00000009  ___bank_bg_help_tilemap_attr       bg_help_tilemap_attr
     00000009  ___bank_scene_1_actors             scene_1_actors
     00000009  ___bank_scene_8_collisions         scene_8_collisions
ASxxxx Linker V03.00 + NoICE + sdld,  page 8.
Hexadecimal  [32-Bits]

Area                                    Addr        Size        Decimal Bytes (Attributes)
--------------------------------        ----        ----        ------- ----- ------------
.  .ABS.                            00000000    00000000 =           0. bytes (ABS,CON)

      Value  Global                              Global Defined In Module
      -----  --------------------------------   ------------------------
     00000009  ___bank_script_input_10            script_input_10
     00000009  ___bank_script_input_103           script_input_103
     00000009  ___bank_script_input_108           script_input_108
     00000009  ___bank_script_input_109           script_input_109
     00000009  ___bank_script_input_117           script_input_117
     00000009  ___bank_script_input_120           script_input_120
     00000009  ___bank_script_input_131           script_input_131
     00000009  ___bank_script_input_146           script_input_146
     00000009  ___bank_script_input_22            script_input_22
     00000009  ___bank_script_input_35            script_input_35
     00000009  ___bank_script_input_54            script_input_54
     00000009  ___bank_script_input_55            script_input_55
     00000009  ___bank_script_input_77            script_input_77
     00000009  ___bank_script_input_78            script_input_78
     00000009  ___bank_script_input_86            script_input_86
     00000009  ___bank_script_input_87            script_input_87
     00000009  ___bank_script_input_88            script_input_88
     00000009  ___bank_script_input_89            script_input_89
     00000009  ___bank_script_input_97            script_input_97
     00000009  ___bank_script_input_99            script_input_99
     00000009  ___bank_sprite_dice_tileset        sprite_dice_tileset
     00000009  b_camera_shake_frames              vm_camera
     00000009  b_vm_camera_move_to                vm_camera
     00000009  b_vm_camera_set_pos                vm_camera
     0000000A  ___bank_VM_MUSIC                   vm_music
     0000000A  ___bank_VM_PALETTE                 vm_palette
     0000000A  ___bank_actor_36_update            actor_36_update
     0000000A  ___bank_bg_level1_2_png_tilemap    bg_level1_2_png_tilemap
     0000000A  ___bank_bg_level1_2_png_tilemap_   bg_level1_2_png_tilemap_attr
     0000000A  ___bank_bg_level1_3_1_png_tilema   bg_level1_3_1_png_tilemap
     0000000A  ___bank_bg_level1_3_1_png_tilema   bg_level1_3_1_png_tilemap_at
     0000000A  ___bank_bg_level1_copy_0_tilemap   bg_level1_copy_0_tilemap
     0000000A  ___bank_bg_level1_copy_0_tilemap   bg_level1_copy_0_tilemap_att
     0000000A  ___bank_bg_level1_tilemap          bg_level1_tilemap
     0000000A  ___bank_bg_level1_tilemap_attr     bg_level1_tilemap_attr
     0000000A  ___bank_bg_level4__tilemap         bg_level4__tilemap
     0000000A  ___bank_bg_level4__tilemap_attr    bg_level4__tilemap_attr
     0000000A  ___bank_bg_level4_copy_tilemap     bg_level4_copy_tilemap
     0000000A  ___bank_bg_level4_copy_tilemap_a   bg_level4_copy_tilemap_attr
     0000000A  ___bank_bg_level4_tilemap          bg_level4_tilemap
     0000000A  ___bank_bg_level4_tilemap_attr     bg_level4_tilemap_attr
     0000000A  ___bank_bg_placeholder_tilemap     bg_placeholder_tilemap
     0000000A  ___bank_bg_placeholder_tilemap_a   bg_placeholder_tilemap_attr
     0000000A  ___bank_bg_placeholder_tileset     bg_placeholder_tileset
     0000000A  ___bank_bg_pre_title_tilemap       bg_pre_title_tilemap
     0000000A  ___bank_bg_pre_title_tilemap_att   bg_pre_title_tilemap_attr
     0000000A  ___bank_bg_tl3_copy_0_tilemap      bg_tl3_copy_0_tilemap
     0000000A  ___bank_bg_tl3_copy_0_tilemap_at   bg_tl3_copy_0_tilemap_attr
     0000000A  ___bank_bg_tl3_copy_2__tilemap     bg_tl3_copy_2__tilemap
     0000000A  ___bank_bg_tl3_copy_2__tilemap_a   bg_tl3_copy_2__tilemap_attr
     0000000A  ___bank_bg_tl3_copy_tilemap        bg_tl3_copy_tilemap
ASxxxx Linker V03.00 + NoICE + sdld,  page 9.
Hexadecimal  [32-Bits]

Area                                    Addr        Size        Decimal Bytes (Attributes)
--------------------------------        ----        ----        ------- ----- ------------
.  .ABS.                            00000000    00000000 =           0. bytes (ABS,CON)

      Value  Global                              Global Defined In Module
      -----  --------------------------------   ------------------------
     0000000A  ___bank_bg_tl3_copy_tilemap_attr   bg_tl3_copy_tilemap_attr
     0000000A  ___bank_bg_tl4_copy_tilemap        bg_tl4_copy_tilemap
     0000000A  ___bank_bg_tl4_copy_tilemap_attr   bg_tl4_copy_tilemap_attr
     0000000A  ___bank_bg_tl5_copy_tilemap        bg_tl5_copy_tilemap
     0000000A  ___bank_bg_tl5_copy_tilemap_attr   bg_tl5_copy_tilemap_attr
     0000000A  ___bank_scene_0_collisions         scene_0_collisions
     0000000A  ___bank_scene_10_collisions        scene_10_collisions
     0000000A  ___bank_scene_11_collisions        scene_11_collisions
     0000000A  ___bank_scene_12_collisions        scene_12_collisions
     0000000A  ___bank_scene_13_collisions        scene_13_collisions
     0000000A  ___bank_scene_14_collisions        scene_14_collisions
     0000000A  ___bank_scene_15_collisions        scene_15_collisions
     0000000A  ___bank_scene_16_collisions        scene_16_collisions
     0000000A  ___bank_scene_17_actors            scene_17_actors
     0000000A  ___bank_scene_17_collisions        scene_17_collisions
     0000000A  ___bank_scene_2_collisions         scene_2_collisions
     0000000A  ___bank_scene_3_collisions         scene_3_collisions
     0000000A  ___bank_scene_4_collisions         scene_4_collisions
     0000000A  ___bank_scene_5_collisions         scene_5_collisions
     0000000A  ___bank_script_input_125           script_input_125
     0000000A  b_vm_load_palette                  vm_palette
     0000000A  b_vm_music_mute                    vm_music
     0000000A  b_vm_music_play                    vm_music
     0000000A  b_vm_music_routine                 vm_music
     0000000A  b_vm_music_setpos                  vm_music
     0000000A  b_vm_music_stop                    vm_music
     0000000A  b_vm_sfx_play                      vm_music
     0000000A  b_vm_sound_mastervol               vm_music
     0000000B  ___bank_VM_GBPRINTER               vm_gbprinter
     0000000B  ___bank_VM_MATH                    vm_math
     0000000B  ___bank_VM_PROJECTILE              vm_projectiles
     0000000B  ___bank_VM_SCENE                   vm_scene
     0000000B  ___bank_actor_15_update            actor_15_update
     0000000B  ___bank_actor_16_update            actor_16_update
     0000000B  ___bank_actor_17_update            actor_17_update
     0000000B  ___bank_actor_19_update            actor_19_update
     0000000B  ___bank_actor_22_update            actor_22_update
     0000000B  ___bank_actor_34_update            actor_34_update
     0000000B  ___bank_actor_41_interact          actor_41_interact
     0000000B  ___bank_actor_42_update            actor_42_update
     0000000B  ___bank_actor_43_update            actor_43_update
     0000000B  ___bank_actor_47_update            actor_47_update
     0000000B  ___bank_actor_49_update            actor_49_update
     0000000B  ___bank_actor_51_update            actor_51_update
     0000000B  ___bank_actor_52_update            actor_52_update
     0000000B  ___bank_actor_53_update            actor_53_update
     0000000B  ___bank_actor_55_update            actor_55_update
     0000000B  ___bank_actor_61_update            actor_61_update
     0000000B  ___bank_actor_6_update             actor_6_update
     0000000B  ___bank_scene_0_actors             scene_0_actors
     0000000B  ___bank_scene_0_projectiles        scene_0_projectiles
ASxxxx Linker V03.00 + NoICE + sdld,  page 10.
Hexadecimal  [32-Bits]

Area                                    Addr        Size        Decimal Bytes (Attributes)
--------------------------------        ----        ----        ------- ----- ------------
.  .ABS.                            00000000    00000000 =           0. bytes (ABS,CON)

      Value  Global                              Global Defined In Module
      -----  --------------------------------   ------------------------
     0000000B  ___bank_scene_10_actors            scene_10_actors
     0000000B  ___bank_scene_11_actors            scene_11_actors
     0000000B  ___bank_scene_11_init              scene_11_init
     0000000B  ___bank_scene_12_actors            scene_12_actors
     0000000B  ___bank_scene_16_actors            scene_16_actors
     0000000B  ___bank_scene_17_init              scene_17_init
     0000000B  ___bank_scene_2_actors             scene_2_actors
     0000000B  ___bank_scene_4_actors             scene_4_actors
     0000000B  ___bank_scene_7_collisions         scene_7_collisions
     0000000B  ___bank_scene_7_init               scene_7_init
     0000000B  ___bank_scene_9_collisions         scene_9_collisions
     0000000B  ___bank_scene_9_init               scene_9_init
     0000000B  ___bank_script_3                   script_3
     0000000B  ___bank_script_4                   script_4
     0000000B  ___bank_script_input_102           script_input_102
     0000000B  ___bank_script_input_112           script_input_112
     0000000B  ___bank_script_input_123           script_input_123
     0000000B  ___bank_script_input_13            script_input_13
     0000000B  ___bank_script_input_134           script_input_134
     0000000B  ___bank_script_input_149           script_input_149
     0000000B  ___bank_script_input_25            script_input_25
     0000000B  ___bank_script_input_38            script_input_38
     0000000B  ___bank_script_input_51            script_input_51
     0000000B  ___bank_script_input_58            script_input_58
     0000000B  ___bank_script_input_71            script_input_71
     0000000B  ___bank_script_input_81            script_input_81
     0000000B  ___bank_script_input_91            script_input_91
     0000000B  ___bank_sprite_actor_animated      sprite_actor_animated
     0000000B  ___bank_sprite_cursor              sprite_cursor
     0000000B  ___bank_sprite_dice                sprite_dice
     0000000B  ___bank_sprite_dice2               sprite_dice2
     0000000B  ___bank_sprite_dice2_tileset       sprite_dice2_tileset
     0000000B  ___bank_sprite_hearts              sprite_hearts
     0000000B  ___bank_sprite_title_dice_tilese   sprite_title_dice_tileset
     0000000B  ___bank_sprite_volume_tileset      sprite_volume_tileset
     0000000B  ___bank_trigger_11_interact        trigger_11_interact
     0000000B  ___bank_trigger_23_interact        trigger_23_interact
     0000000B  ___bank_trigger_35_interact        trigger_35_interact
     0000000B  ___bank_trigger_36_interact        trigger_36_interact
     0000000B  ___bank_trigger_37_interact        trigger_37_interact
     0000000B  ___bank_trigger_38_interact        trigger_38_interact
     0000000B  ___bank_trigger_40_interact        trigger_40_interact
     0000000B  b_erase_flash                      
     0000000B  b_itoa_fmt                         vm_ui_a
     0000000B  b_music_events_poll                music_manager
     0000000B  b_music_init_driver                music_manager
     0000000B  b_music_init_events                music_manager
     0000000B  b_save_sram_banks                  
     0000000B  b_vm_cos_scale                     vm_math
     0000000B  b_vm_print_detect                  vm_gbprinter
     0000000B  b_vm_print_overlay                 vm_gbprinter
ASxxxx Linker V03.00 + NoICE + sdld,  page 11.
Hexadecimal  [32-Bits]

Area                                    Addr        Size        Decimal Bytes (Attributes)
--------------------------------        ----        ----        ------- ----- ------------
.  .ABS.                            00000000    00000000 =           0. bytes (ABS,CON)

      Value  Global                              Global Defined In Module
      -----  --------------------------------   ------------------------
     0000000B  b_vm_projectile_launch             vm_projectiles
     0000000B  b_vm_projectile_load_type          vm_projectiles
     0000000B  b_vm_scene_pop                     vm_scene
     0000000B  b_vm_scene_pop_all                 vm_scene
     0000000B  b_vm_scene_push                    vm_scene
     0000000B  b_vm_scene_stack_reset             vm_scene
     0000000B  b_vm_sin_scale                     vm_math
     0000000C  ___bank_VM_LOAD_SAVE               vm_load_save
     0000000C  ___bank_actor_10_interact          actor_10_interact
     0000000C  ___bank_actor_11_interact          actor_11_interact
     0000000C  ___bank_actor_13_interact          actor_13_interact
     0000000C  ___bank_actor_18_update            actor_18_update
     0000000C  ___bank_actor_1_interact           actor_1_interact
     0000000C  ___bank_actor_24_interact          actor_24_interact
     0000000C  ___bank_actor_25_interact          actor_25_interact
     0000000C  ___bank_actor_27_update            actor_27_update
     0000000C  ___bank_actor_28_interact          actor_28_interact
     0000000C  ___bank_actor_2_interact           actor_2_interact
     0000000C  ___bank_actor_31_interact          actor_31_interact
     0000000C  ___bank_actor_32_interact          actor_32_interact
     0000000C  ___bank_actor_3_interact           actor_3_interact
     0000000C  ___bank_actor_44_update            actor_44_update
     0000000C  ___bank_actor_4_interact           actor_4_interact
     0000000C  ___bank_actor_54_update            actor_54_update
     0000000C  ___bank_actor_56_update            actor_56_update
     0000000C  ___bank_actor_57_update            actor_57_update
     0000000C  ___bank_actor_62_interact          actor_62_interact
     0000000C  ___bank_actor_63_interact          actor_63_interact
     0000000C  ___bank_actor_7_interact           actor_7_interact
     0000000C  ___bank_actor_8_interact           actor_8_interact
     0000000C  ___bank_actor_9_interact           actor_9_interact
     0000000C  ___bank_bg_help                    bg_help
     0000000C  ___bank_bg_level                   bg_level
     0000000C  ___bank_bg_level1                  bg_level1
     0000000C  ___bank_bg_level1_2_png            bg_level1_2_png
     0000000C  ___bank_bg_level1_3_1_png          bg_level1_3_1_png
     0000000C  ___bank_bg_level1_copy_0           bg_level1_copy_0
     0000000C  ___bank_bg_level4                  bg_level4
     0000000C  ___bank_bg_level4_                 bg_level4_
     0000000C  ___bank_bg_level4_copy             bg_level4_copy
     0000000C  ___bank_bg_placeholder             bg_placeholder
     0000000C  ___bank_bg_pre_title               bg_pre_title
     0000000C  ___bank_bg_title                   bg_title
     0000000C  ___bank_bg_tl3_copy                bg_tl3_copy
     0000000C  ___bank_bg_tl3_copy_0              bg_tl3_copy_0
     0000000C  ___bank_bg_tl3_copy_2_             bg_tl3_copy_2_
     0000000C  ___bank_bg_tl4_copy                bg_tl4_copy
     0000000C  ___bank_bg_tl5_copy                bg_tl5_copy
     0000000C  ___bank_bootstrap_script           
     0000000C  ___bank_cursor_image               cursor_image
     0000000C  ___bank_frame_image                frame_image
ASxxxx Linker V03.00 + NoICE + sdld,  page 12.
Hexadecimal  [32-Bits]

Area                                    Addr        Size        Decimal Bytes (Attributes)
--------------------------------        ----        ----        ------- ----- ------------
.  .ABS.                            00000000    00000000 =           0. bytes (ABS,CON)

      Value  Global                              Global Defined In Module
      -----  --------------------------------   ------------------------
     0000000C  ___bank_palette_0                  palette_0
     0000000C  ___bank_palette_1                  palette_1
     0000000C  ___bank_palette_10                 palette_10
     0000000C  ___bank_palette_11                 palette_11
     0000000C  ___bank_palette_12                 palette_12
     0000000C  ___bank_palette_2                  palette_2
     0000000C  ___bank_palette_3                  palette_3
     0000000C  ___bank_palette_4                  palette_4
     0000000C  ___bank_palette_5                  palette_5
     0000000C  ___bank_palette_6                  palette_6
     0000000C  ___bank_palette_7                  palette_7
     0000000C  ___bank_palette_8                  palette_8
     0000000C  ___bank_palette_9                  palette_9
     0000000C  ___bank_scene_0                    scene_0
     0000000C  ___bank_scene_0_init               scene_0_init
     0000000C  ___bank_scene_0_triggers           scene_0_triggers
     0000000C  ___bank_scene_1                    scene_1
     0000000C  ___bank_scene_10                   scene_10
     0000000C  ___bank_scene_10_init              scene_10_init
     0000000C  ___bank_scene_10_projectiles       scene_10_projectiles
     0000000C  ___bank_scene_10_triggers          scene_10_triggers
     0000000C  ___bank_scene_11                   scene_11
     0000000C  ___bank_scene_11_sprites           scene_11_sprites
     0000000C  ___bank_scene_12                   scene_12
     0000000C  ___bank_scene_12_init              scene_12_init
     0000000C  ___bank_scene_12_projectiles       scene_12_projectiles
     0000000C  ___bank_scene_12_sprites           scene_12_sprites
     0000000C  ___bank_scene_12_triggers          scene_12_triggers
     0000000C  ___bank_scene_13                   scene_13
     0000000C  ___bank_scene_13_actors            scene_13_actors
     0000000C  ___bank_scene_13_init              scene_13_init
     0000000C  ___bank_scene_13_projectiles       scene_13_projectiles
     0000000C  ___bank_scene_13_sprites           scene_13_sprites
     0000000C  ___bank_scene_14                   scene_14
     0000000C  ___bank_scene_14_actors            scene_14_actors
     0000000C  ___bank_scene_14_init              scene_14_init
     0000000C  ___bank_scene_14_projectiles       scene_14_projectiles
     0000000C  ___bank_scene_14_sprites           scene_14_sprites
     0000000C  ___bank_scene_14_triggers          scene_14_triggers
     0000000C  ___bank_scene_15                   scene_15
     0000000C  ___bank_scene_15_actors            scene_15_actors
     0000000C  ___bank_scene_15_init              scene_15_init
     0000000C  ___bank_scene_15_projectiles       scene_15_projectiles
     0000000C  ___bank_scene_15_sprites           scene_15_sprites
     0000000C  ___bank_scene_15_triggers          scene_15_triggers
     0000000C  ___bank_scene_16                   scene_16
     0000000C  ___bank_scene_16_init              scene_16_init
     0000000C  ___bank_scene_16_projectiles       scene_16_projectiles
     0000000C  ___bank_scene_16_sprites           scene_16_sprites
     0000000C  ___bank_scene_16_triggers          scene_16_triggers
     0000000C  ___bank_scene_17                   scene_17
ASxxxx Linker V03.00 + NoICE + sdld,  page 13.
Hexadecimal  [32-Bits]

Area                                    Addr        Size        Decimal Bytes (Attributes)
--------------------------------        ----        ----        ------- ----- ------------
.  .ABS.                            00000000    00000000 =           0. bytes (ABS,CON)

      Value  Global                              Global Defined In Module
      -----  --------------------------------   ------------------------
     0000000C  ___bank_scene_17_projectiles       scene_17_projectiles
     0000000C  ___bank_scene_17_sprites           scene_17_sprites
     0000000C  ___bank_scene_17_triggers          scene_17_triggers
     0000000C  ___bank_scene_18                   scene_18
     0000000C  ___bank_scene_18_actors            scene_18_actors
     0000000C  ___bank_scene_18_init              scene_18_init
     0000000C  ___bank_scene_18_sprites           scene_18_sprites
     0000000C  ___bank_scene_18_triggers          scene_18_triggers
     0000000C  ___bank_scene_1_init               scene_1_init
     0000000C  ___bank_scene_2                    scene_2
     0000000C  ___bank_scene_2_init               scene_2_init
     0000000C  ___bank_scene_2_projectiles        scene_2_projectiles
     0000000C  ___bank_scene_2_sprites            scene_2_sprites
     0000000C  ___bank_scene_2_triggers           scene_2_triggers
     0000000C  ___bank_scene_3                    scene_3
     0000000C  ___bank_scene_4                    scene_4
     0000000C  ___bank_scene_4_init               scene_4_init
     0000000C  ___bank_scene_4_projectiles        scene_4_projectiles
     0000000C  ___bank_scene_4_sprites            scene_4_sprites
     0000000C  ___bank_scene_4_triggers           scene_4_triggers
     0000000C  ___bank_scene_5                    scene_5
     0000000C  ___bank_scene_5_actors             scene_5_actors
     0000000C  ___bank_scene_5_init               scene_5_init
     0000000C  ___bank_scene_5_projectiles        scene_5_projectiles
     0000000C  ___bank_scene_5_sprites            scene_5_sprites
     0000000C  ___bank_scene_5_triggers           scene_5_triggers
     0000000C  ___bank_scene_7                    scene_7
     0000000C  ___bank_scene_8                    scene_8
     0000000C  ___bank_scene_8_actors             scene_8_actors
     0000000C  ___bank_scene_8_init               scene_8_init
     0000000C  ___bank_scene_8_sprites            scene_8_sprites
     0000000C  ___bank_scene_9                    scene_9
     0000000C  ___bank_scene_9_actors             scene_9_actors
     0000000C  ___bank_scene_9_sprites            scene_9_sprites
     0000000C  ___bank_script_1                   script_1
     0000000C  ___bank_script_2                   script_2
     0000000C  ___bank_script_6                   script_6
     0000000C  ___bank_script_input_0             script_input_0
     0000000C  ___bank_script_input_1             script_input_1
     0000000C  ___bank_script_input_106           script_input_106
     0000000C  ___bank_script_input_111           script_input_111
     0000000C  ___bank_script_input_113           script_input_113
     0000000C  ___bank_script_input_116           script_input_116
     0000000C  ___bank_script_input_12            script_input_12
     0000000C  ___bank_script_input_122           script_input_122
     0000000C  ___bank_script_input_124           script_input_124
     0000000C  ___bank_script_input_126           script_input_126
     0000000C  ___bank_script_input_127           script_input_127
     0000000C  ___bank_script_input_128           script_input_128
     0000000C  ___bank_script_input_133           script_input_133
     0000000C  ___bank_script_input_135           script_input_135
ASxxxx Linker V03.00 + NoICE + sdld,  page 14.
Hexadecimal  [32-Bits]

Area                                    Addr        Size        Decimal Bytes (Attributes)
--------------------------------        ----        ----        ------- ----- ------------
.  .ABS.                            00000000    00000000 =           0. bytes (ABS,CON)

      Value  Global                              Global Defined In Module
      -----  --------------------------------   ------------------------
     0000000C  ___bank_script_input_136           script_input_136
     0000000C  ___bank_script_input_137           script_input_137
     0000000C  ___bank_script_input_138           script_input_138
     0000000C  ___bank_script_input_139           script_input_139
     0000000C  ___bank_script_input_14            script_input_14
     0000000C  ___bank_script_input_140           script_input_140
     0000000C  ___bank_script_input_141           script_input_141
     0000000C  ___bank_script_input_142           script_input_142
     0000000C  ___bank_script_input_143           script_input_143
     0000000C  ___bank_script_input_148           script_input_148
     0000000C  ___bank_script_input_15            script_input_15
     0000000C  ___bank_script_input_150           script_input_150
     0000000C  ___bank_script_input_151           script_input_151
     0000000C  ___bank_script_input_152           script_input_152
     0000000C  ___bank_script_input_153           script_input_153
     0000000C  ___bank_script_input_154           script_input_154
     0000000C  ___bank_script_input_16            script_input_16
     0000000C  ___bank_script_input_17            script_input_17
     0000000C  ___bank_script_input_18            script_input_18
     0000000C  ___bank_script_input_19            script_input_19
     0000000C  ___bank_script_input_2             script_input_2
     0000000C  ___bank_script_input_24            script_input_24
     0000000C  ___bank_script_input_26            script_input_26
     0000000C  ___bank_script_input_27            script_input_27
     0000000C  ___bank_script_input_28            script_input_28
     0000000C  ___bank_script_input_29            script_input_29
     0000000C  ___bank_script_input_3             script_input_3
     0000000C  ___bank_script_input_30            script_input_30
     0000000C  ___bank_script_input_31            script_input_31
     0000000C  ___bank_script_input_32            script_input_32
     0000000C  ___bank_script_input_37            script_input_37
     0000000C  ___bank_script_input_39            script_input_39
     0000000C  ___bank_script_input_4             script_input_4
     0000000C  ___bank_script_input_40            script_input_40
     0000000C  ___bank_script_input_41            script_input_41
     0000000C  ___bank_script_input_42            script_input_42
     0000000C  ___bank_script_input_43            script_input_43
     0000000C  ___bank_script_input_44            script_input_44
     0000000C  ___bank_script_input_45            script_input_45
     0000000C  ___bank_script_input_46            script_input_46
     0000000C  ___bank_script_input_47            script_input_47
     0000000C  ___bank_script_input_48            script_input_48
     0000000C  ___bank_script_input_49            script_input_49
     0000000C  ___bank_script_input_5             script_input_5
     0000000C  ___bank_script_input_50            script_input_50
     0000000C  ___bank_script_input_52            script_input_52
     0000000C  ___bank_script_input_57            script_input_57
     0000000C  ___bank_script_input_59            script_input_59
     0000000C  ___bank_script_input_6             script_input_6
     0000000C  ___bank_script_input_60            script_input_60
     0000000C  ___bank_script_input_61            script_input_61
ASxxxx Linker V03.00 + NoICE + sdld,  page 15.
Hexadecimal  [32-Bits]

Area                                    Addr        Size        Decimal Bytes (Attributes)
--------------------------------        ----        ----        ------- ----- ------------
.  .ABS.                            00000000    00000000 =           0. bytes (ABS,CON)

      Value  Global                              Global Defined In Module
      -----  --------------------------------   ------------------------
     0000000C  ___bank_script_input_62            script_input_62
     0000000C  ___bank_script_input_63            script_input_63
     0000000C  ___bank_script_input_64            script_input_64
     0000000C  ___bank_script_input_66            script_input_66
     0000000C  ___bank_script_input_68            script_input_68
     0000000C  ___bank_script_input_7             script_input_7
     0000000C  ___bank_script_input_70            script_input_70
     0000000C  ___bank_script_input_72            script_input_72
     0000000C  ___bank_script_input_73            script_input_73
     0000000C  ___bank_script_input_74            script_input_74
     0000000C  ___bank_script_input_75            script_input_75
     0000000C  ___bank_script_input_80            script_input_80
     0000000C  ___bank_script_input_82            script_input_82
     0000000C  ___bank_script_input_83            script_input_83
     0000000C  ___bank_script_input_84            script_input_84
     0000000C  ___bank_script_input_85            script_input_85
     0000000C  ___bank_script_input_90            script_input_90
     0000000C  ___bank_script_input_92            script_input_92
     0000000C  ___bank_script_input_93            script_input_93
     0000000C  ___bank_script_input_94            script_input_94
     0000000C  ___bank_script_input_95            script_input_95
     0000000C  ___bank_script_input_96            script_input_96
     0000000C  ___bank_script_timer_0             script_timer_0
     0000000C  ___bank_sprite_actor               sprite_actor
     0000000C  ___bank_sprite_actor_tileset       sprite_actor_tileset
     0000000C  ___bank_sprite_cursor2             sprite_cursor2
     0000000C  ___bank_sprite_cursor2_tileset     sprite_cursor2_tileset
     0000000C  ___bank_sprite_cursor_tileset      sprite_cursor_tileset
     0000000C  ___bank_sprite_dice2_copy          sprite_dice2_copy
     0000000C  ___bank_sprite_dice2_copy_tilese   sprite_dice2_copy_tileset
     0000000C  ___bank_sprite_explode             sprite_explode
     0000000C  ___bank_sprite_explode_tileset     sprite_explode_tileset
     0000000C  ___bank_sprite_heart               sprite_heart
     0000000C  ___bank_sprite_heart_tileset       sprite_heart_tileset
     0000000C  ___bank_sprite_onoff               sprite_onoff
     0000000C  ___bank_sprite_onoff_tileset       sprite_onoff_tileset
     0000000C  ___bank_sprite_title_dice          sprite_title_dice
     0000000C  ___bank_sprite_volume              sprite_volume
     0000000C  ___bank_spritesheet_none           spritesheet_none
     0000000C  ___bank_trigger_0_interact         trigger_0_interact
     0000000C  ___bank_trigger_10_interact        trigger_10_interact
     0000000C  ___bank_trigger_12_interact        trigger_12_interact
     0000000C  ___bank_trigger_13_interact        trigger_13_interact
     0000000C  ___bank_trigger_14_interact        trigger_14_interact
     0000000C  ___bank_trigger_15_interact        trigger_15_interact
     0000000C  ___bank_trigger_16_interact        trigger_16_interact
     0000000C  ___bank_trigger_17_interact        trigger_17_interact
     0000000C  ___bank_trigger_18_interact        trigger_18_interact
     0000000C  ___bank_trigger_19_interact        trigger_19_interact
     0000000C  ___bank_trigger_1_interact         trigger_1_interact
     0000000C  ___bank_trigger_20_interact        trigger_20_interact
ASxxxx Linker V03.00 + NoICE + sdld,  page 16.
Hexadecimal  [32-Bits]

Area                                    Addr        Size        Decimal Bytes (Attributes)
--------------------------------        ----        ----        ------- ----- ------------
.  .ABS.                            00000000    00000000 =           0. bytes (ABS,CON)

      Value  Global                              Global Defined In Module
      -----  --------------------------------   ------------------------
     0000000C  ___bank_trigger_21_interact        trigger_21_interact
     0000000C  ___bank_trigger_22_interact        trigger_22_interact
     0000000C  ___bank_trigger_24_interact        trigger_24_interact
     0000000C  ___bank_trigger_25_interact        trigger_25_interact
     0000000C  ___bank_trigger_26_interact        trigger_26_interact
     0000000C  ___bank_trigger_27_interact        trigger_27_interact
     0000000C  ___bank_trigger_28_interact        trigger_28_interact
     0000000C  ___bank_trigger_29_interact        trigger_29_interact
     0000000C  ___bank_trigger_2_interact         trigger_2_interact
     0000000C  ___bank_trigger_30_interact        trigger_30_interact
     0000000C  ___bank_trigger_31_interact        trigger_31_interact
     0000000C  ___bank_trigger_32_interact        trigger_32_interact
     0000000C  ___bank_trigger_33_interact        trigger_33_interact
     0000000C  ___bank_trigger_34_interact        trigger_34_interact
     0000000C  ___bank_trigger_39_interact        trigger_39_interact
     0000000C  ___bank_trigger_3_interact         trigger_3_interact
     0000000C  ___bank_trigger_41_interact        trigger_41_interact
     0000000C  ___bank_trigger_42_interact        trigger_42_interact
     0000000C  ___bank_trigger_43_interact        trigger_43_interact
     0000000C  ___bank_trigger_44_interact        trigger_44_interact
     0000000C  ___bank_trigger_45_interact        trigger_45_interact
     0000000C  ___bank_trigger_46_interact        trigger_46_interact
     0000000C  ___bank_trigger_47_interact        trigger_47_interact
     0000000C  ___bank_trigger_48_interact        trigger_48_interact
     0000000C  ___bank_trigger_49_interact        trigger_49_interact
     0000000C  ___bank_trigger_4_interact         trigger_4_interact
     0000000C  ___bank_trigger_50_interact        trigger_50_interact
     0000000C  ___bank_trigger_51_interact        trigger_51_interact
     0000000C  ___bank_trigger_5_interact         trigger_5_interact
     0000000C  ___bank_trigger_6_interact         trigger_6_interact
     0000000C  ___bank_trigger_7_interact         trigger_7_interact
     0000000C  ___bank_trigger_8_interact         trigger_8_interact
     0000000C  ___bank_trigger_9_interact         trigger_9_interact
     0000000C  __start_save                    
     0000000C  b_CGBZeroPalette                   palette
     0000000C  b_SIO_init                         sio
     0000000C  b_camera_init                      camera
     0000000C  b_camera_reset                     camera
     0000000C  b_events_init                      events
     0000000C  b_input_init                       input
     0000000C  b_logo_init                        logo
     0000000C  b_logo_update                      logo
     0000000C  b_palette_init                     palette
     0000000C  b_parallax_init                    parallax
     0000000C  b_remove_LCD_ISRs                  interrupts
     0000000C  b_restore_sram                     flasher
     0000000C  b_restore_sram_bank                flasher
     0000000C  b_save_sram                        flasher
     0000000C  b_scroll_rect                      
     0000000C  b_timers_init                      events
     0000000C  b_vm_save_clear                    vm_load_save
ASxxxx Linker V03.00 + NoICE + sdld,  page 17.
Hexadecimal  [32-Bits]

Area                                    Addr        Size        Decimal Bytes (Attributes)
--------------------------------        ----        ----        ------- ----- ------------
.  .ABS.                            00000000    00000000 =           0. bytes (ABS,CON)

      Value  Global                              Global Defined In Module
      -----  --------------------------------   ------------------------
     0000000C  b_vm_save_peek                     vm_load_save
     00000011  l__EHL_TRAMPOLINE0              
     00000019  l__INITIALIZED                  
     00000019  l__INITIALIZER                  
     0000002D  l__GSINIT                       
     00000030  l__HEADER6                      
     0000004E  l__HEADER4                      
     00000082  l__HEADER10                     
     000001CB  l__CRASH_SCRATCH2               
     00000200  s__CODE                         
     000007A7  l__CODE                         
     000009A7  s__HOME                         
     0000197C  l__DATA                         
     00002000  _rROMB0                            
     00002C7E  l__HOME                         
     00003000  _rROMB1                            
     00003625  s__BASE                         
     00003625  s__CODE_0                       
     00003625  s__INITIALIZER                  
     00003625  s__LIT                          
     0000363E  s__GSINIT                       
     0000366B  s__GSFINAL                      
     00003EC9  l__CODE_12                      
     00003FF3  l__CODE_1                       
     00004000  _RTC_SELECT_REG                    vm_rtc
     00004000  _rRAMB                             
     00004000  l__CODE_10                      
     00004000  l__CODE_11                      
     00004000  l__CODE_2                       
     00004000  l__CODE_3                       
     00004000  l__CODE_4                       
     00004000  l__CODE_5                       
     00004000  l__CODE_6                       
     00004000  l__CODE_7                       
     00004000  l__CODE_8                       
     00004000  l__CODE_9                       
     00006000  _RTC_LATCH_REG                     vm_rtc
     00008000  __VRAM                             
     00008000  __VRAM8000                         
     00008800  __VRAM8800                         
     00009000  __VRAM9000                         
     00009800  __SCRN0                            
     00009C00  __SCRN1                            
     0000A000  _RTC_VALUE_REG                     vm_rtc
     0000A000  __SRAM                             
     0000C000  __RAM                              
     0000C000  _shadow_OAM                     
     0000C0A0  s__DATA                         
     0000D000  __RAMBANK                          
     0000DA1C  s__BSS                          
     0000DA1C  s__INITIALIZED                  
ASxxxx Linker V03.00 + NoICE + sdld,  page 18.
Hexadecimal  [32-Bits]

Area                                    Addr        Size        Decimal Bytes (Attributes)
--------------------------------        ----        ----        ------- ----- ------------
.  .ABS.                            00000000    00000000 =           0. bytes (ABS,CON)

      Value  Global                              Global Defined In Module
      -----  --------------------------------   ------------------------
     0000DA35  s__HEAP                         
     0000DF00  .STACK                          
     0000DF00  _shadow_OAM2                       absolute
     0000DFA0  _BkgPalette                        absolute
     0000DFE0  _vwf_tile_data                     absolute
     0000FE00  __OAMRAM                           
     0000FF00  _P1_REG                            
     0000FF00  __IO                               
     0000FF01  _SB_REG                            
     0000FF02  _SC_REG                            
     0000FF04  _DIV_REG                           
     0000FF05  _TIMA_REG                          
     0000FF06  _TMA_REG                           
     0000FF07  _TAC_REG                           
     0000FF0F  _IF_REG                            
     0000FF10  _NR10_REG                          
     0000FF11  _NR11_REG                          
     0000FF12  _NR12_REG                          
     0000FF13  _NR13_REG                          
     0000FF14  _NR14_REG                          
     0000FF16  _NR21_REG                          
     0000FF17  _NR22_REG                          
     0000FF18  _NR23_REG                          
     0000FF19  _NR24_REG                          
     0000FF1A  _NR30_REG                          
     0000FF1B  _NR31_REG                          
     0000FF1C  _NR32_REG                          
     0000FF1D  _NR33_REG                          
     0000FF1E  _NR34_REG                          
     0000FF20  _NR41_REG                          
     0000FF21  _NR42_REG                          
     0000FF22  _NR43_REG                          
     0000FF23  _NR44_REG                          
     0000FF24  _NR50_REG                          
     0000FF25  _NR51_REG                          
     0000FF26  _NR52_REG                          
     0000FF30  _AUD3WAVE                          
     0000FF30  _PCM_SAMPLE                        
     0000FF30  __AUD3WAVERAM                      
     0000FF40  _LCDC_REG                          
     0000FF41  _STAT_REG                          
     0000FF42  _SCY_REG                           
     0000FF43  _SCX_REG                           
     0000FF44  _LY_REG                            
     0000FF45  _LYC_REG                           
     0000FF46  _DMA_REG                           
     0000FF47  _BGP_REG                           
     0000FF48  _OBP0_REG                          
     0000FF49  _OBP1_REG                          
     0000FF4A  _WY_REG                            
     0000FF4B  _WX_REG                            
ASxxxx Linker V03.00 + NoICE + sdld,  page 19.
Hexadecimal  [32-Bits]

Area                                    Addr        Size        Decimal Bytes (Attributes)
--------------------------------        ----        ----        ------- ----- ------------
.  .ABS.                            00000000    00000000 =           0. bytes (ABS,CON)

      Value  Global                              Global Defined In Module
      -----  --------------------------------   ------------------------
     0000FF4D  _KEY1_REG                          
     0000FF4F  _VBK_REG                           
     0000FF51  _HDMA1_REG                         
     0000FF52  _HDMA2_REG                         
     0000FF53  _HDMA3_REG                         
     0000FF54  _HDMA4_REG                         
     0000FF55  _HDMA5_REG                         
     0000FF56  _RP_REG                            
     0000FF68  _BCPS_REG                          
     0000FF69  _BCPD_REG                          
     0000FF6A  _OCPS_REG                          
     0000FF6B  _OCPD_REG                          
     0000FF70  _SVBK_REG                          
     0000FF76  _PCM12_REG                         
     0000FF77  _PCM34_REG                         
     0000FF80  .refresh_OAM                    
     0000FF80  __HRAM                             
     0000FFFF  _IE_REG                            
     00014000  s__CODE_1                       
     00024000  s__CODE_2                       
     00034000  s__CODE_3                       
     00044000  s__CODE_4                       
     00054000  s__CODE_5                       
     00064000  s__CODE_6                       
     00074000  s__CODE_7                       
     00084000  s__CODE_8                       
     00094000  s__CODE_9                       
     000A4000  s__CODE_10                      
     000B4000  s__CODE_11                      
     000C4000  s__CODE_12                      

ASxxxx Linker V03.00 + NoICE + sdld,  page 20.
Hexadecimal  [32-Bits]

Area                                    Addr        Size        Decimal Bytes (Attributes)
--------------------------------        ----        ----        ------- ----- ------------
_CODE                               00000200    000007A7 =        1959. bytes (REL,CON)

      Value  Global                              Global Defined In Module
      -----  --------------------------------   ------------------------
     00000200  ___HandleCrash                     
     0000020A  _SIO_send_byte                     
     0000021D  _SIO_receive                       
     0000022E  _SetTile                           
     0000023D  _set_win_tile_xy                   
     00000242  _set_bkg_tile_xy                   
     00000265  _GetWinAddr                        
     0000026D  _GetBkgAddr                        
     0000027B  _state_init                        
     00000280  _state_update                      
     000002A2  _ui_time_masks                     
     000002AA  _ui_print_shift_char               
     0000032D  _ui_draw_frame_row                 
     00000336  .ui_draw_frame_row                 
     0000035F  _script_cmds                       vm_instructions
     00000593  _save_signature                    game_signature
     00000597  _start_scene_x                     
     00000599  _start_scene_y                     
     0000059B  _start_scene_dir                   
     0000059C  _start_scene                       
     0000059F  _start_player_move_speed           
     000005A0  _start_player_anim_tick            
     000005A1  _ui_fonts                          
     000005A7  _core_reset_hook                   main
     000005AF  _main                              main
     000005B7  _state_start_fns                   
     000005C9  _state_update_fns                  
     000005DB  _get_vram_byte                     
     000005E8  _get_win_tile_xy                   
     000005F0  _get_bkg_tile_xy                   
     00000617  _set_sprite_palette                CGB
     0000061C  _set_bkg_palette                   CGB
     0000061F  .set_palette                       CGB
     0000063E  _set_sprite_palette_entry          CGB
     00000643  _set_bkg_palette_entry             CGB
     00000646  .set_palette_entry                 CGB
     0000067F  gbt_get_pattern_ptr_banked         
     0000069E  _gbt_play                          
     00000759  _gbt_pause                         
     0000076A  _gbt_loop                          
     00000771  _gbt_stop                          
     0000077C  _gbt_enable_channels               
     00000783  _gbt_update                        
     00000888  _hide_sprites_range                Metasprites
     000008B8  .sgb_check                         
     000008B8  _sgb_check                         
     00000900  _sgb_transfer                      
     00000905  .sgb_transfer                      
     00000946  ___move_metasprite                 Metasprites
     00000985  _cpu_slow                          CGB
ASxxxx Linker V03.00 + NoICE + sdld,  page 21.
Hexadecimal  [32-Bits]

Area                                    Addr        Size        Decimal Bytes (Attributes)
--------------------------------        ----        ----        ------- ----- ------------
_CODE                               00000200    000007A7 =        1959. bytes (REL,CON)

      Value  Global                              Global Defined In Module
      -----  --------------------------------   ------------------------
     000009A0  _cpu_fast                          CGB
ASxxxx Linker V03.00 + NoICE + sdld,  page 22.
Hexadecimal  [32-Bits]

Area                                    Addr        Size        Decimal Bytes (Attributes)
--------------------------------        ----        ----        ------- ----- ------------
_HEADER0                            00000000    00000001 =           1. bytes (ABS,CON)

      Value  Global                              Global Defined In Module
      -----  --------------------------------   ------------------------
     00000020  .call_hl                           Runtime

ASxxxx Linker V03.00 + NoICE + sdld,  page 23.
Hexadecimal  [32-Bits]

Area                                    Addr        Size        Decimal Bytes (Attributes)
--------------------------------        ----        ----        ------- ----- ------------
_HEADER1                            00000000    00000005 =           5. bytes (ABS,CON)

      Value  Global                              Global Defined In Module
      -----  --------------------------------   ------------------------
     00000028  .MemsetSmall                       Runtime

ASxxxx Linker V03.00 + NoICE + sdld,  page 24.
Hexadecimal  [32-Bits]

Area                                    Addr        Size        Decimal Bytes (Attributes)
--------------------------------        ----        ----        ------- ----- ------------
_HEADER2                            00000000    00000007 =           7. bytes (ABS,CON)

      Value  Global                              Global Defined In Module
      -----  --------------------------------   ------------------------
     00000030  .MemcpySmall                       Runtime

ASxxxx Linker V03.00 + NoICE + sdld,  page 25.
Hexadecimal  [32-Bits]

Area                                    Addr        Size        Decimal Bytes (Attributes)
--------------------------------        ----        ----        ------- ----- ------------
_HEADER3                            00000000    00000008 =           8. bytes (ABS,CON)

      Value  Global                              Global Defined In Module
      -----  --------------------------------   ------------------------
ASxxxx Linker V03.00 + NoICE + sdld,  page 26.
Hexadecimal  [32-Bits]

Area                                    Addr        Size        Decimal Bytes (Attributes)
--------------------------------        ----        ----        ------- ----- ------------
_HEADER4                            00000000    0000004E =          78. bytes (ABS,CON)

      Value  Global                              Global Defined In Module
      -----  --------------------------------   ------------------------
     00000080  .int                               Runtime
     0000008F  _wait_int_handler                  Runtime
     0000009C  __standard_VBL_handler             Runtime
     000000AC  _refresh_OAM                       Runtime

ASxxxx Linker V03.00 + NoICE + sdld,  page 27.
Hexadecimal  [32-Bits]

Area                                    Addr        Size        Decimal Bytes (Attributes)
--------------------------------        ----        ----        ------- ----- ------------
_HEADER5                            00000000    00000002 =           2. bytes (ABS,CON)

      Value  Global                              Global Defined In Module
      -----  --------------------------------   ------------------------
ASxxxx Linker V03.00 + NoICE + sdld,  page 28.
Hexadecimal  [32-Bits]

Area                                    Addr        Size        Decimal Bytes (Attributes)
--------------------------------        ----        ----        ------- ----- ------------
_HEADER6                            00000000    00000030 =          48. bytes (ABS,CON)

      Value  Global                              Global Defined In Module
      -----  --------------------------------   ------------------------
ASxxxx Linker V03.00 + NoICE + sdld,  page 29.
Hexadecimal  [32-Bits]

Area                                    Addr        Size        Decimal Bytes (Attributes)
--------------------------------        ----        ----        ------- ----- ------------
_HEADER7                            00000000    00000006 =           6. bytes (ABS,CON)

      Value  Global                              Global Defined In Module
      -----  --------------------------------   ------------------------
ASxxxx Linker V03.00 + NoICE + sdld,  page 30.
Hexadecimal  [32-Bits]

Area                                    Addr        Size        Decimal Bytes (Attributes)
--------------------------------        ----        ----        ------- ----- ------------
_HEADER8                            00000000    00000003 =           3. bytes (ABS,CON)

      Value  Global                              Global Defined In Module
      -----  --------------------------------   ------------------------
ASxxxx Linker V03.00 + NoICE + sdld,  page 31.
Hexadecimal  [32-Bits]

Area                                    Addr        Size        Decimal Bytes (Attributes)
--------------------------------        ----        ----        ------- ----- ------------
_HEADER9                            00000000    00000001 =           1. bytes (ABS,CON)

      Value  Global                              Global Defined In Module
      -----  --------------------------------   ------------------------
ASxxxx Linker V03.00 + NoICE + sdld,  page 32.
Hexadecimal  [32-Bits]

Area                                    Addr        Size        Decimal Bytes (Attributes)
--------------------------------        ----        ----        ------- ----- ------------
_HEADERa                            00000000    00000001 =           1. bytes (ABS,CON)

      Value  Global                              Global Defined In Module
      -----  --------------------------------   ------------------------
ASxxxx Linker V03.00 + NoICE + sdld,  page 33.
Hexadecimal  [32-Bits]

Area                                    Addr        Size        Decimal Bytes (Attributes)
--------------------------------        ----        ----        ------- ----- ------------
_HEADERb                            00000000    00000001 =           1. bytes (ABS,CON)

      Value  Global                              Global Defined In Module
      -----  --------------------------------   ------------------------
ASxxxx Linker V03.00 + NoICE + sdld,  page 34.
Hexadecimal  [32-Bits]

Area                                    Addr        Size        Decimal Bytes (Attributes)
--------------------------------        ----        ----        ------- ----- ------------
_HEADERc                            00000000    00000002 =           2. bytes (ABS,CON)

      Value  Global                              Global Defined In Module
      -----  --------------------------------   ------------------------
ASxxxx Linker V03.00 + NoICE + sdld,  page 35.
Hexadecimal  [32-Bits]

Area                                    Addr        Size        Decimal Bytes (Attributes)
--------------------------------        ----        ----        ------- ----- ------------
_HEADERd                            00000000    00000001 =           1. bytes (ABS,CON)

      Value  Global                              Global Defined In Module
      -----  --------------------------------   ------------------------
ASxxxx Linker V03.00 + NoICE + sdld,  page 36.
Hexadecimal  [32-Bits]

Area                                    Addr        Size        Decimal Bytes (Attributes)
--------------------------------        ----        ----        ------- ----- ------------
_HEADERe                            00000000    00000001 =           1. bytes (ABS,CON)

      Value  Global                              Global Defined In Module
      -----  --------------------------------   ------------------------
ASxxxx Linker V03.00 + NoICE + sdld,  page 37.
Hexadecimal  [32-Bits]

Area                                    Addr        Size        Decimal Bytes (Attributes)
--------------------------------        ----        ----        ------- ----- ------------
_HEADERf                            00000000    00000002 =           2. bytes (ABS,CON)

      Value  Global                              Global Defined In Module
      -----  --------------------------------   ------------------------
ASxxxx Linker V03.00 + NoICE + sdld,  page 38.
Hexadecimal  [32-Bits]

Area                                    Addr        Size        Decimal Bytes (Attributes)
--------------------------------        ----        ----        ------- ----- ------------
_HEADER10                           00000000    00000082 =         130. bytes (ABS,CON)

      Value  Global                              Global Defined In Module
      -----  --------------------------------   ------------------------
     00000150  .reset                             Runtime
     00000150  _reset                             Runtime
     00000157  .code_start                        Runtime
     000001B7  _exit                              Runtime
     000001BB  _set_interrupts                    Runtime

ASxxxx Linker V03.00 + NoICE + sdld,  page 39.
Hexadecimal  [32-Bits]

Area                                    Addr        Size        Decimal Bytes (Attributes)
--------------------------------        ----        ----        ------- ----- ------------
_HEADER11                           00000000    00000001 =           1. bytes (ABS,CON)

      Value  Global                              Global Defined In Module
      -----  --------------------------------   ------------------------
[...]
C:/Users/firew/AppData/Local/Temp/_gbsbuild/obj/script_input_71.rel
                                          [ script_input_71 ]
C:/Users/firew/AppData/Local/Temp/_gbsbuild/obj/script_input_72.rel
                                          [ script_input_72 ]
C:/Users/firew/AppData/Local/Temp/_gbsbuild/obj/script_input_73.rel
                                          [ script_input_73 ]
C:/Users/firew/AppData/Local/Temp/_gbsbuild/obj/script_input_74.rel
                                          [ script_input_74 ]
C:/Users/firew/AppData/Local/Temp/_gbsbuild/obj/script_input_75.rel
                                          [ script_input_75 ]
C:/Users/firew/AppData/Local/Temp/_gbsbuild/obj/script_input_76.rel
                                          [ script_input_76 ]
C:/Users/firew/AppData/Local/Temp/_gbsbuild/obj/script_input_77.rel
                                          [ script_input_77 ]
C:/Users/firew/AppData/Local/Temp/_gbsbuild/obj/script_input_78.rel
                                          [ script_input_78 ]
C:/Users/firew/AppData/Local/Temp/_gbsbuild/obj/script_input_79.rel
                                          [ script_input_79 ]
C:/Users/firew/AppData/Local/Temp/_gbsbuild/obj/script_input_8.rel
                                          [ script_input_8 ]
C:/Users/firew/AppData/Local/Temp/_gbsbuild/obj/script_input_80.rel
                                          [ script_input_80 ]
C:/Users/firew/AppData/Local/Temp/_gbsbuild/obj/script_input_81.rel
                                          [ script_input_81 ]
C:/Users/firew/AppData/Local/Temp/_gbsbuild/obj/script_input_82.rel
                                          [ script_input_82 ]
C:/Users/firew/AppData/Local/Temp/_gbsbuild/obj/script_input_83.rel
                                          [ script_input_83 ]
C:/Users/firew/AppData/Local/Temp/_gbsbuild/obj/script_input_84.rel
                                          [ script_input_84 ]
C:/Users/firew/AppData/Local/Temp/_gbsbuild/obj/script_input_85.rel
                                          [ script_input_85 ]
C:/Users/firew/AppData/Local/Temp/_gbsbuild/obj/script_input_86.rel
                                          [ script_input_86 ]
C:/Users/firew/AppData/Local/Temp/_gbsbuild/obj/script_input_87.rel
                                          [ script_input_87 ]
C:/Users/firew/AppData/Local/Temp/_gbsbuild/obj/script_input_88.rel
                                          [ script_input_88 ]
C:/Users/firew/AppData/Local/Temp/_gbsbuild/obj/script_input_89.rel
                                          [ script_input_89 ]
C:/Users/firew/AppData/Local/Temp/_gbsbuild/obj/script_input_9.rel
                                          [ script_input_9 ]
C:/Users/firew/AppData/Local/Temp/_gbsbuild/obj/script_input_90.rel
                                          [ script_input_90 ]
C:/Users/firew/AppData/Local/Temp/_gbsbuild/obj/script_input_91.rel
                                          [ script_input_91 ]
C:/Users/firew/AppData/Local/Temp/_gbsbuild/obj/script_input_92.rel
                                          [ script_input_92 ]
C:/Users/firew/AppData/Local/Temp/_gbsbuild/obj/script_input_93.rel
                                          [ script_input_93 ]
C:/Users/firew/AppData/Local/Temp/_gbsbuild/obj/script_input_94.rel
                                          [ script_input_94 ]
C:/Users/firew/AppData/Local/Temp/_gbsbuild/obj/script_input_95.rel
                                          [ script_input_95 ]
C:/Users/firew/AppData/Local/Temp/_gbsbuild/obj/script_input_96.rel
                                          [ script_input_96 ]
C:/Users/firew/AppData/Local/Temp/_gbsbuild/obj/script_input_97.rel
                                          [ script_input_97 ]
C:/Users/firew/AppData/Local/Temp/_gbsbuild/obj/script_input_98.rel
                                          [ script_input_98 ]
C:/Users/firew/AppData/Local/Temp/_gbsbuild/obj/script_input_99.rel
                                          [ script_input_99 ]
C:/Users/firew/AppData/Local/Temp/_gbsbuild/obj/script_timer_0.rel
                                          [ script_timer_0 ]
C:/Users/firew/AppData/Local/Temp/_gbsbuild/obj/sprite_actor_animated_tileset.rel
                                          [ sprite_actor_animated_tileset ]
C:/Users/firew/AppData/Local/Temp/_gbsbuild/obj/sprite_actor_animated.rel
                                          [ sprite_actor_animated ]
C:/Users/firew/AppData/Local/Temp/_gbsbuild/obj/sprite_actor_tileset.rel
                                          [ sprite_actor_tileset ]
C:/Users/firew/AppData/Local/Temp/_gbsbuild/obj/sprite_actor.rel
                                          [ sprite_actor ]
C:/Users/firew/AppData/Local/Temp/_gbsbuild/obj/sprite_cursor_tileset.rel
                                          [ sprite_cursor_tileset ]
C:/Users/firew/AppData/Local/Temp/_gbsbuild/obj/sprite_cursor.rel
                                          [ sprite_cursor ]
C:/Users/firew/AppData/Local/Temp/_gbsbuild/obj/sprite_cursor2_tileset.rel
                                          [ sprite_cursor2_tileset ]
C:/Users/firew/AppData/Local/Temp/_gbsbuild/obj/sprite_cursor2.rel
                                          [ sprite_cursor2 ]
C:/Users/firew/AppData/Local/Temp/_gbsbuild/obj/sprite_dice_tileset.rel
                                          [ sprite_dice_tileset ]
C:/Users/firew/AppData/Local/Temp/_gbsbuild/obj/sprite_dice.rel
                                          [ sprite_dice ]
C:/Users/firew/AppData/Local/Temp/_gbsbuild/obj/sprite_dice2_copy_tileset.rel
                                          [ sprite_dice2_copy_tileset ]
C:/Users/firew/AppData/Local/Temp/_gbsbuild/obj/sprite_dice2_copy.rel
                                          [ sprite_dice2_copy ]
C:/Users/firew/AppData/Local/Temp/_gbsbuild/obj/sprite_dice2_tileset.rel
                                          [ sprite_dice2_tileset ]
C:/Users/firew/AppData/Local/Temp/_gbsbuild/obj/sprite_dice2.rel
                                          [ sprite_dice2 ]
C:/Users/firew/AppData/Local/Temp/_gbsbuild/obj/sprite_explode_tileset.rel
                                          [ sprite_explode_tileset ]
C:/Users/firew/AppData/Local/Temp/_gbsbuild/obj/sprite_explode.rel
                                          [ sprite_explode ]
C:/Users/firew/AppData/Local/Temp/_gbsbuild/obj/sprite_heart_tileset.rel
                                          [ sprite_heart_tileset ]
C:/Users/firew/AppData/Local/Temp/_gbsbuild/obj/sprite_heart.rel
                                          [ sprite_heart ]
C:/Users/firew/AppData/Local/Temp/_gbsbuild/obj/sprite_hearts_tileset.rel
                                          [ sprite_hearts_tileset ]
C:/Users/firew/AppData/Local/Temp/_gbsbuild/obj/sprite_hearts.rel
                                          [ sprite_hearts ]
C:/Users/firew/AppData/Local/Temp/_gbsbuild/obj/sprite_onoff_tileset.rel
                                          [ sprite_onoff_tileset ]
C:/Users/firew/AppData/Local/Temp/_gbsbuild/obj/sprite_onoff.rel
                                          [ sprite_onoff ]
C:/Users/firew/AppData/Local/Temp/_gbsbuild/obj/sprite_title_dice_tileset.rel
                                          [ sprite_title_dice_tileset ]
C:/Users/firew/AppData/Local/Temp/_gbsbuild/obj/sprite_title_dice.rel
                                          [ sprite_title_dice ]
C:/Users/firew/AppData/Local/Temp/_gbsbuild/obj/sprite_volume_tileset.rel
                                          [ sprite_volume_tileset ]
C:/Users/firew/AppData/Local/Temp/_gbsbuild/obj/sprite_volume.rel
                                          [ sprite_volume ]
C:/Users/firew/AppData/Local/Temp/_gbsbuild/obj/spritesheet_none.rel
                                          [ spritesheet_none ]
C:/Users/firew/AppData/Local/Temp/_gbsbuild/obj/trigger_0_interact.rel
                                          [ trigger_0_interact ]
C:/Users/firew/AppData/Local/Temp/_gbsbuild/obj/trigger_1_interact.rel
                                          [ trigger_1_interact ]
C:/Users/firew/AppData/Local/Temp/_gbsbuild/obj/trigger_10_interact.rel
                                          [ trigger_10_interact ]
C:/Users/firew/AppData/Local/Temp/_gbsbuild/obj/trigger_11_interact.rel
                                          [ trigger_11_interact ]
C:/Users/firew/AppData/Local/Temp/_gbsbuild/obj/trigger_12_interact.rel
                                          [ trigger_12_interact ]
C:/Users/firew/AppData/Local/Temp/_gbsbuild/obj/trigger_13_interact.rel
                                          [ trigger_13_interact ]
C:/Users/firew/AppData/Local/Temp/_gbsbuild/obj/trigger_14_interact.rel
                                          [ trigger_14_interact ]
C:/Users/firew/AppData/Local/Temp/_gbsbuild/obj/trigger_15_interact.rel
                                          [ trigger_15_interact ]
C:/Users/firew/AppData/Local/Temp/_gbsbuild/obj/trigger_16_interact.rel
                                          [ trigger_16_interact ]
C:/Users/firew/AppData/Local/Temp/_gbsbuild/obj/trigger_17_interact.rel
                                          [ trigger_17_interact ]
C:/Users/firew/AppData/Local/Temp/_gbsbuild/obj/trigger_18_interact.rel
                                          [ trigger_18_interact ]
C:/Users/firew/AppData/Local/Temp/_gbsbuild/obj/trigger_19_interact.rel
                                          [ trigger_19_interact ]
C:/Users/firew/AppData/Local/Temp/_gbsbuild/obj/trigger_2_interact.rel
                                          [ trigger_2_interact ]
C:/Users/firew/AppData/Local/Temp/_gbsbuild/obj/trigger_20_interact.rel
                                          [ trigger_20_interact ]
C:/Users/firew/AppData/Local/Temp/_gbsbuild/obj/trigger_21_interact.rel
                                          [ trigger_21_interact ]
C:/Users/firew/AppData/Local/Temp/_gbsbuild/obj/trigger_22_interact.rel
                                          [ trigger_22_interact ]
C:/Users/firew/AppData/Local/Temp/_gbsbuild/obj/trigger_23_interact.rel
                                          [ trigger_23_interact ]
C:/Users/firew/AppData/Local/Temp/_gbsbuild/obj/trigger_24_interact.rel
                                          [ trigger_24_interact ]
C:/Users/firew/AppData/Local/Temp/_gbsbuild/obj/trigger_25_interact.rel
                                          [ trigger_25_interact ]
C:/Users/firew/AppData/Local/Temp/_gbsbuild/obj/trigger_26_interact.rel
                                          [ trigger_26_interact ]
C:/Users/firew/AppData/Local/Temp/_gbsbuild/obj/trigger_27_interact.rel
                                          [ trigger_27_interact ]
C:/Users/firew/AppData/Local/Temp/_gbsbuild/obj/trigger_28_interact.rel
                                          [ trigger_28_interact ]
C:/Users/firew/AppData/Local/Temp/_gbsbuild/obj/trigger_29_interact.rel
                                          [ trigger_29_interact ]
C:/Users/firew/AppData/Local/Temp/_gbsbuild/obj/trigger_3_interact.rel
                                          [ trigger_3_interact ]
C:/Users/firew/AppData/Local/Temp/_gbsbuild/obj/trigger_30_interact.rel
                                          [ trigger_30_interact ]
C:/Users/firew/AppData/Local/Temp/_gbsbuild/obj/trigger_31_interact.rel
                                          [ trigger_31_interact ]
C:/Users/firew/AppData/Local/Temp/_gbsbuild/obj/trigger_32_interact.rel
                                          [ trigger_32_interact ]
C:/Users/firew/AppData/Local/Temp/_gbsbuild/obj/trigger_33_interact.rel
                                          [ trigger_33_interact ]
C:/Users/firew/AppData/Local/Temp/_gbsbuild/obj/trigger_34_interact.rel
                                          [ trigger_34_interact ]
C:/Users/firew/AppData/Local/Temp/_gbsbuild/obj/trigger_35_interact.rel
                                          [ trigger_35_interact ]
C:/Users/firew/AppData/Local/Temp/_gbsbuild/obj/trigger_36_interact.rel
                                          [ trigger_36_interact ]
C:/Users/firew/AppData/Local/Temp/_gbsbuild/obj/trigger_37_interact.rel
                                          [ trigger_37_interact ]
C:/Users/firew/AppData/Local/Temp/_gbsbuild/obj/trigger_38_interact.rel
                                          [ trigger_38_interact ]
C:/Users/firew/AppData/Local/Temp/_gbsbuild/obj/trigger_39_interact.rel
                                          [ trigger_39_interact ]
C:/Users/firew/AppData/Local/Temp/_gbsbuild/obj/trigger_4_interact.rel
                                          [ trigger_4_interact ]
C:/Users/firew/AppData/Local/Temp/_gbsbuild/obj/trigger_40_interact.rel
                                          [ trigger_40_interact ]
C:/Users/firew/AppData/Local/Temp/_gbsbuild/obj/trigger_41_interact.rel
                                          [ trigger_41_interact ]
C:/Users/firew/AppData/Local/Temp/_gbsbuild/obj/trigger_42_interact.rel
                                          [ trigger_42_interact ]
C:/Users/firew/AppData/Local/Temp/_gbsbuild/obj/trigger_43_interact.rel
                                          [ trigger_43_interact ]
C:/Users/firew/AppData/Local/Temp/_gbsbuild/obj/trigger_44_interact.rel
                                          [ trigger_44_interact ]
C:/Users/firew/AppData/Local/Temp/_gbsbuild/obj/trigger_45_interact.rel
                                          [ trigger_45_interact ]
C:/Users/firew/AppData/Local/Temp/_gbsbuild/obj/trigger_46_interact.rel
                                          [ trigger_46_interact ]
C:/Users/firew/AppData/Local/Temp/_gbsbuild/obj/trigger_47_interact.rel
                                          [ trigger_47_interact ]
C:/Users/firew/AppData/Local/Temp/_gbsbuild/obj/trigger_48_interact.rel
                                          [ trigger_48_interact ]
C:/Users/firew/AppData/Local/Temp/_gbsbuild/obj/trigger_49_interact.rel
                                          [ trigger_49_interact ]
C:/Users/firew/AppData/Local/Temp/_gbsbuild/obj/trigger_5_interact.rel
                                          [ trigger_5_interact ]
C:/Users/firew/AppData/Local/Temp/_gbsbuild/obj/trigger_50_interact.rel
                                          [ trigger_50_interact ]
C:/Users/firew/AppData/Local/Temp/_gbsbuild/obj/trigger_51_interact.rel
                                          [ trigger_51_interact ]
C:/Users/firew/AppData/Local/Temp/_gbsbuild/obj/trigger_6_interact.rel
                                          [ trigger_6_interact ]
C:/Users/firew/AppData/Local/Temp/_gbsbuild/obj/trigger_7_interact.rel
                                          [ trigger_7_interact ]
C:/Users/firew/AppData/Local/Temp/_gbsbuild/obj/trigger_8_interact.rel
                                          [ trigger_8_interact ]
C:/Users/firew/AppData/Local/Temp/_gbsbuild/obj/trigger_9_interact.rel
                                          [ trigger_9_interact ]
C:/Users/firew/AppData/Local/Temp/_gbsbuild/obj/main.rel
                                          [ main ]
C:/Users/firew/AppData/Local/Temp/_gbsbuild/obj/adventure.rel
                                          [ adventure ]
C:/Users/firew/AppData/Local/Temp/_gbsbuild/obj/logo.rel
                                          [ logo ]
C:/Users/firew/AppData/Local/Temp/_gbsbuild/obj/platform.rel
                                          [ platform ]
C:/Users/firew/AppData/Local/Temp/_gbsbuild/obj/pointnclick.rel
                                          [ pointnclick ]
C:/Users/firew/AppData/Local/Temp/_gbsbuild/obj/shmup.rel
                                          [ shmup ]
C:/Users/firew/AppData/Local/Temp/_gbsbuild/obj/states_ptrs.rel
                                          [  ]
C:/Users/firew/AppData/Local/Temp/_gbsbuild/obj/topdown.rel
                                          [ topdown ]


Libraries Linked                          [ object file ]

C:\Users\firew\AppData\Local\Temp/_gbstools/gbdk/lib/small/asxxxx/gb/gb.lib
                                          [ fill_rect_wi.o ]
C:\Users\firew\AppData\Local\Temp/_gbstools/gbdk/lib/small/asxxxx/gbz80/gbz80.lib
                                          [ rand.o ]
C:\Users\firew\AppData\Local\Temp/_gbstools/gbdk/lib/small/asxxxx/gb/gb.lib
                                          [ sfr.o ]
C:\Users\firew\AppData\Local\Temp/_gbstools/gbdk/lib/small/asxxxx/gb/gb.lib
                                          [ get_data.o ]
C:\Users\firew\AppData\Local\Temp/_gbstools/gbdk/lib/small/asxxxx/gb/gb.lib
                                          [ get_tile.o ]
C:\Users\firew\AppData\Local\Temp/_gbstools/gbdk/lib/small/asxxxx/gb/gb.lib
                                          [ cgb_palettes.o ]
lib/gbt_player.lib                        [ gbt_player.o ]
C:\Users\firew\AppData\Local\Temp/_gbstools/gbdk/lib/small/asxxxx/gb/gb.lib
                                          [ metasprites_hide_spr.o ]
C:\Users\firew\AppData\Local\Temp/_gbstools/gbdk/lib/small/asxxxx/gbz80/gbz80.lib
                                          [ mul.o ]
C:\Users\firew\AppData\Local\Temp/_gbstools/gbdk/lib/small/asxxxx/gbz80/gbz80.lib
                                          [ abs.o ]
C:\Users\firew\AppData\Local\Temp/_gbstools/gbdk/lib/small/asxxxx/gb/gb.lib
                                          [ set_wi_t.o ]
C:\Users\firew\AppData\Local\Temp/_gbstools/gbdk/lib/small/asxxxx/gb/gb.lib
                                          [ set_data.o ]
C:\Users\firew\AppData\Local\Temp/_gbstools/gbdk/lib/small/asxxxx/gbz80/gbz80.lib
                                          [ reverse.o ]
C:\Users\firew\AppData\Local\Temp/_gbstools/gbdk/lib/small/asxxxx/gb/gb.lib
                                          [ far_ptr.o ]
C:\Users\firew\AppData\Local\Temp/_gbstools/gbdk/lib/small/asxxxx/gb/gb.lib
                                          [ sgb.o ]
C:\Users\firew\AppData\Local\Temp/_gbstools/gbdk/lib/small/asxxxx/gb/gb.lib
                                          [ lcd.o ]
C:\Users\firew\AppData\Local\Temp/_gbstools/gbdk/lib/small/asxxxx/gb/gb.lib
                                          [ fill_rect.o ]
C:\Users\firew\AppData\Local\Temp/_gbstools/gbdk/lib/small/asxxxx/gb/gb.lib
                                          [ cpy_data.o ]
C:\Users\firew\AppData\Local\Temp/_gbstools/gbdk/lib/small/asxxxx/gb/gb.lib
                                          [ fill_rect_bk.o ]
C:\Users\firew\AppData\Local\Temp/_gbstools/gbdk/lib/small/asxxxx/gb/gb.lib
                                          [ pad.o ]
C:\Users\firew\AppData\Local\Temp/_gbstools/gbdk/lib/small/asxxxx/gb/gb.lib
                                          [ metasprites.o ]
C:\Users\firew\AppData\Local\Temp/_gbstools/gbdk/lib/small/asxxxx/gbz80/gbz80.lib
                                          [ __sdcc_call_hl.o ]
C:\Users\firew\AppData\Local\Temp/_gbstools/gbdk/lib/small/asxxxx/gbz80/gbz80.lib
                                          [ _memcpy.o ]
C:\Users\firew\AppData\Local\Temp/_gbstools/gbdk/lib/small/asxxxx/gbz80/gbz80.lib
                                          [ _memset.o ]
C:\Users\firew\AppData\Local\Temp/_gbstools/gbdk/lib/small/asxxxx/gb/gb.lib
                                          [ set_xy_t.o ]
C:\Users\firew\AppData\Local\Temp/_gbstools/gbdk/lib/small/asxxxx/gb/gb.lib
                                          [ cgb.o ]
C:\Users\firew\AppData\Local\Temp/_gbstools/gbdk/lib/small/asxxxx/gbz80/gbz80.lib
                                          [ div.o ]
C:\Users\firew\AppData\Local\Temp/_gbstools/gbdk/lib/small/asxxxx/gb/gb.lib
                                          [ set_bk_t.o ]
lib/gbt_player.lib                        [ gbt_player_bank1.o ]

ASxxxx Linker V03.00 + NoICE + sdld,  page 87.

User Base Address Definitions

_DATA=0xC0A0
_CODE=0x0200
ASxxxx Linker V03.00 + NoICE + sdld,  page 88.

User Global Definitions

.STACK=0xDF00
_shadow_OAM=0xC000
.refresh_OAM=0xFF80
__start_save=12

